------------------------------------------------------------
Timing Analyzer Summary
------------------------------------------------------------

Type  : Setup 'CLK_50MHz'
Slack : -6.248
TNS   : -82.256

Type  : Setup 'chained_divider:U1_DIV|s_clk_10ms'
Slack : -4.993
TNS   : -36.272

Type  : Setup 'chained_divider:U1_DIV|s_clk_1ms'
Slack : -1.749
TNS   : -6.743

Type  : Setup 'chained_divider:U1_DIV|s_clk_1s'
Slack : -1.743
TNS   : -5.205

Type  : Hold 'chained_divider:U1_DIV|s_clk_1ms'
Slack : -1.519
TNS   : -1.519

Type  : Hold 'CLK_50MHz'
Slack : -1.512
TNS   : -1.512

Type  : Hold 'chained_divider:U1_DIV|s_clk_10ms'
Slack : -1.512
TNS   : -1.512

Type  : Hold 'chained_divider:U1_DIV|s_clk_1s'
Slack : 1.687
TNS   : 0.000

Type  : Recovery 'chained_divider:U1_DIV|s_clk_1s'
Slack : -2.581
TNS   : -7.743

Type  : Removal 'chained_divider:U1_DIV|s_clk_1s'
Slack : 3.027
TNS   : 0.000

Type  : Minimum Pulse Width 'CLK_50MHz'
Slack : -2.289
TNS   : -2.289

Type  : Minimum Pulse Width 'chained_divider:U1_DIV|s_clk_10ms'
Slack : 0.234
TNS   : 0.000

Type  : Minimum Pulse Width 'chained_divider:U1_DIV|s_clk_1ms'
Slack : 0.234
TNS   : 0.000

Type  : Minimum Pulse Width 'chained_divider:U1_DIV|s_clk_1s'
Slack : 0.234
TNS   : 0.000

------------------------------------------------------------
